nqs n=2 seed=0 energy_error=5.41522e-12
nqs n=2 seed=1 energy_error=1.17029e-10
nqs n=2 seed=2 energy_error=3.23799e-10
nqs n=2 seed=3 energy_error=3.061e-10
nqs n=2 seed=4 energy_error=4.87472e-11
vqe n=2 seed=0 energy_error=0
vqe n=2 seed=1 energy_error=0
vqe n=2 seed=2 energy_error=0
vqe n=2 seed=3 energy_error=4.44089e-16
vqe n=2 seed=4 energy_error=0
nqs n=3 seed=0 energy_error=7.90205e-07
nqs n=3 seed=1 energy_error=8.01448e-07
nqs n=3 seed=2 energy_error=2.51118e-07
nqs n=3 seed=3 energy_error=1.57476e-09
nqs n=3 seed=4 energy_error=3.73196e-07
vqe n=3 seed=0 energy_error=0
vqe n=3 seed=1 energy_error=4.44089e-16
vqe n=3 seed=2 energy_error=4.44089e-16
vqe n=3 seed=3 energy_error=4.44089e-16
vqe n=3 seed=4 energy_error=4.44089e-16
nqs n=4 seed=0 energy_error=1.38746e-05
nqs n=4 seed=1 energy_error=2.64795e-06
nqs n=4 seed=2 energy_error=5.05997e-06
nqs n=4 seed=3 energy_error=5.03942e-07
nqs n=4 seed=4 energy_error=3.21624e-06
vqe n=4 seed=0 energy_error=8.88178e-16
vqe n=4 seed=1 energy_error=8.88178e-16
vqe n=4 seed=2 energy_error=8.88178e-16
vqe n=4 seed=3 energy_error=8.88178e-16
vqe n=4 seed=4 energy_error=2.66454e-15
nqs n=5 seed=0 energy_error=8.65339e-05
nqs n=5 seed=1 energy_error=5.85218e-05
nqs n=5 seed=2 energy_error=0.000127124
nqs n=5 seed=3 energy_error=6.49213e-05
nqs n=5 seed=4 energy_error=0.000118446
vqe n=5 seed=0 energy_error=0.00136635
vqe n=5 seed=1 energy_error=0.000716264
vqe n=5 seed=2 energy_error=0.000715539
vqe n=5 seed=3 energy_error=0.000717919
vqe n=5 seed=4 energy_error=0.000722603
nqs n=6 seed=0 energy_error=0.000114918
nqs n=6 seed=1 energy_error=0.000161869
nqs n=6 seed=2 energy_error=0.000151545
nqs n=6 seed=3 energy_error=0.000162195
nqs n=6 seed=4 energy_error=9.91204e-05
vqe n=6 seed=0 energy_error=0.00268113
vqe n=6 seed=1 energy_error=0.00439895
vqe n=6 seed=2 energy_error=0.494904
vqe n=6 seed=3 energy_error=0.00268113
vqe n=6 seed=4 energy_error=0.00268113
nqs n=7 seed=0 energy_error=0.000192429
nqs n=7 seed=1 energy_error=0.0001856
nqs n=7 seed=2 energy_error=0.00016213
nqs n=7 seed=3 energy_error=0.000248986
nqs n=7 seed=4 energy_error=0.000136194
vqe n=7 seed=0 energy_error=0.443806
vqe n=7 seed=1 energy_error=0.443806
vqe n=7 seed=2 energy_error=0.00680319
vqe n=7 seed=3 energy_error=0.443806
vqe n=7 seed=4 energy_error=0.443806
nqs n=8 seed=0 energy_error=0.000365924
nqs n=8 seed=1 energy_error=0.000236879
nqs n=8 seed=2 energy_error=0.000249776
nqs n=8 seed=3 energy_error=0.000306798
nqs n=8 seed=4 energy_error=0.000364359
vqe n=8 seed=0 energy_error=0.0118208
vqe n=8 seed=1 energy_error=0.404843
vqe n=8 seed=2 energy_error=0.401247
vqe n=8 seed=3 energy_error=0.0118208
vqe n=8 seed=4 energy_error=0.404843
